
> ecommerce@1.0.0 test:backend
> jest --config backend/jest.config.js

  console.log
    [dotenv@17.2.3] injecting env (10) from backend\config\config.env -- tip: ΓÜÖ∩╕Å  specify custom .env file path with { path: '/custom/path/.env' }

      at _log (../node_modules/dotenv/lib/main.js:142:11)

  console.log
    [dotenv@17.2.3] injecting env (10) from backend\config\config.env -- tip: ΓÜÖ∩╕Å  suppress all logs with { quiet: true }

      at _log (../node_modules/dotenv/lib/main.js:142:11)

  console.log
    [dotenv@17.2.3] injecting env (10) from backend\config\config.env -- tip: ΓÜÖ∩╕Å  suppress all logs with { quiet: true }

      at _log (../node_modules/dotenv/lib/main.js:142:11)

  console.log
    [dotenv@17.2.3] injecting env (10) from backend\config\config.env -- tip: ≡ƒôí add observability to secrets: https://dotenvx.com/ops

      at _log (../node_modules/dotenv/lib/main.js:142:11)

  console.log
    [dotenv@17.2.3] injecting env (10) from backend\config\config.env -- tip: ΓÜÖ∩╕Å  override existing env vars with { override: true }

      at _log (../node_modules/dotenv/lib/main.js:142:11)

node.exe : PASS backend/tests/logout.test.js
At line:1 char:1
+ & "C:\Program Files\nodejs/node.exe" 
"C:\Users\paril\AppData\Roaming\ ...
+ ~~~~~~~~~~~~~~~~~~~~~~~~~~~~~~~~~~~~~~~~~~~~~~~~~~~~~~~~~~~~~
~~~~~~~~
    + CategoryInfo          : NotSpecified: (PASS backend/test 
   s/logout.test.js:String) [], RemoteException
    + FullyQualifiedErrorId : NativeCommandError
 
  Logout Security
    ΓêÜ should set a valid expiration date for the logout 
cookie (42 ms)

  console.log
    WARN: next() spy not called, but sendToken() correctly avoided.

      at Object.log (tests/login_bypass.test.js:52:21)

PASS backend/tests/login_bypass.test.js
  Login Authentication Bypass
    ΓêÜ should NOT call sendToken when password is invalid (82 
ms)
    ΓêÜ should NOT call sendToken (and not crash) when user is 
not found (2 ms)

PASS backend/tests/jwtToken.test.js
  JWT Token Utility
    ΓêÜ should set secure cookie in PRODUCTION (3 ms)
    ΓêÜ should NOT set secure cookie in DEVELOPMENT (1 ms)

PASS backend/tests/unit/utils.test.js
  Utils: sendEmail
    ΓêÜ should send an email using Resend (1 ms)

  console.log
    Expire Value: 2026-01-21T19:04:34.170Z

      at Object.log (tests/user_model_security.test.js:15:17)

PASS backend/tests/user_model_security.test.js
  User Model Security
    ΓêÜ should set a valid resetPasswordExpire date (89 ms)

  console.log
    [dotenv@17.2.3] injecting env (0) from backend\config\config.env -- tip: ≡ƒöÉ prevent committing .env to code: https://dotenvx.com/precommit

      at _log (../node_modules/dotenv/lib/main.js:142:11)

  console.log
    [dotenv@17.2.3] injecting env (0) from backend\config\config.env -- tip: ≡ƒöä add secrets lifecycle management: https://dotenvx.com/ops

      at _log (../node_modules/dotenv/lib/main.js:142:11)

  console.log
    [dotenv@17.2.3] injecting env (0) from backend\config\config.env -- tip: ≡ƒöÉ prevent committing .env to code: https://dotenvx.com/precommit

      at _log (../node_modules/dotenv/lib/main.js:142:11)

  console.log
    [dotenv@17.2.3] injecting env (0) from backend\config\config.env -- tip: ≡ƒ¢á∩╕Å  run anywhere with `dotenvx run -- yourcommand`

      at _log (../node_modules/dotenv/lib/main.js:142:11)

  console.log
    [dotenv@17.2.3] injecting env (0) from backend\config\config.env -- tip: Γ£à audit secrets and track compliance: https://dotenvx.com/ops

      at _log (../node_modules/dotenv/lib/main.js:142:11)

PASS backend/tests/productController_getAdminProducts.test.js 
(5.73 s)
  getAdminProducts Integration Test
    ΓêÜ should return plain objects compatible with frontend 
(71 ms)

PASS backend/tests/productController_pagination.test.js (6.318 
s)
  Product Controller Pagination & Filtering
    ΓêÜ getAllProducts returns correct filteredProductsCount 
with pagination (135 ms)

PASS backend/tests/productController_getAllProducts.test.js 
(6.352 s)
  getAllProducts Integration Test
    ΓêÜ should return products and counts correctly (92 ms)
    ΓêÜ should handle filtering correctly (23 ms)

PASS backend/tests/security_injection.test.js (6.458 s)
  NoSQL Injection Vulnerability & Fix
    ΓêÜ should be vulnerable to NoSQL injection if input is 
NOT sanitized (265 ms)
    ΓêÜ should be SAFE from NoSQL injection if input IS 
sanitized (149 ms)
    ΓêÜ should sanitize nested objects (159 ms)

FAIL backend/tests/integration/product.test.js (7.393 s)
  Product Integration Tests (Public)
    GET /api/v1/products
      ΓêÜ should retrieve all products (193 ms)
      ΓêÜ should return pagination info (31 ms)
    GET /api/v1/products?keyword=
      ΓêÜ should search products by keyword (32 ms)
      ΓêÜ should return empty array for no matches (25 ms)
    GET /api/v1/products?category=
      ΓêÜ should filter products by category (25 ms)
    GET /api/v1/products?price[gte]=&price[lte]=
      ΓêÜ should filter products by price range (27 ms)
    GET /api/v1/products?ratings[gte]=
      ΓêÜ should filter products by minimum rating (25 ms)
    GET /api/v1/product/:id
      ΓêÜ should retrieve a single product by ID (24 ms)
      ΓêÜ should return 404 for non-existent product (18 ms)
      ├ù should return error for invalid product ID format (20 
ms)
    GET /api/v1/products?page=
      ΓêÜ should handle pagination correctly (25 ms)
    GET /api/v1/products with combined filters
      ΓêÜ should apply multiple filters simultaneously (24 ms)

  ΓùÅ Product Integration Tests (Public) ΓÇ║ GET 
/api/v1/product/:id ΓÇ║ should return error for invalid 
product ID format

    expect(received).toBe(expected) // Object.is equality

    Expected: 500
    Received: 400

    [0m [90m 177 |[39m             [36mconst[39m res 
[33m=[39m [36mawait[39m request(app)[33m.[39m[36mget[39
m([32m'/api/v1/product/invalidid'[39m)[33m;[39m
     [90m 178 |[39m
    [31m[1m>[22m[39m[90m 179 |[39m             expect(res
[33m.[39mstatus)[33m.[39mtoBe([35m500[39m)[33m;[39m 
[90m// Cast error[39m
     [90m     |[39m                                
[31m[1m^[22m[39m
     [90m 180 |[39m         })[33m;[39m
     [90m 181 |[39m     })[33m;[39m
     [90m 182 |[39m[0m

      at Object.toBe (tests/integration/product.test.js:179:32)

PASS backend/tests/integration/order.test.js (9.126 s)
  Order Integration Tests
    POST /api/v1/order/new
      ΓêÜ should create a new order for authenticated user 
(533 ms)
      ΓêÜ should fail without authentication (362 ms)
    GET /api/v1/orders/me
      ΓêÜ should get all orders for authenticated user (325 ms)
      ΓêÜ should fail without authentication (327 ms)
    GET /api/v1/order/:id
      ΓêÜ should get single order by ID (319 ms)
      ΓêÜ should return 404 for non-existent order (304 ms)

PASS backend/tests/integration/auth.test.js (10.217 s)
  Authentication Integration Tests
    POST /api/v1/register
      ΓêÜ should register a new user with valid data (311 ms)
      ΓêÜ should fail registration without avatar (14 ms)
      ΓêÜ should fail registration with short password (13 ms)
      ΓêÜ should fail registration with invalid email (12 ms)
      ΓêÜ should fail registration with duplicate email (323 
ms)
    POST /api/v1/login
      ΓêÜ should login with correct credentials (300 ms)
      ΓêÜ should fail with incorrect password (323 ms)
      ΓêÜ should fail with non-existent email (153 ms)
      ΓêÜ should fail without email or password (153 ms)
    GET /api/v1/logout
      ΓêÜ should logout user and clear cookie (9 ms)
    GET /api/v1/me (User Profile)
      ΓêÜ should get authenticated user details (341 ms)
      ΓêÜ should fail without authentication (281 ms)
    PUT /api/v1/password/update
      ΓêÜ should update password with correct old password 
(549 ms)
      ΓêÜ should fail with incorrect old password (347 ms)
      ΓêÜ should fail when passwords do not match (327 ms)
    PUT /api/v1/me/update
      ΓêÜ should update user profile (231 ms)

PASS backend/tests/integration/review.test.js (10.637 s)
  Review Integration Tests
    PUT /api/v1/review
      ΓêÜ should create a new review for a product (824 ms)
      ΓêÜ should update existing review by same user (629 ms)
      ΓêÜ should fail without authentication (613 ms)
    GET /api/v1/reviews
      ΓêÜ should get all reviews for a product (567 ms)
      ΓêÜ should return 404 for non-existent product (488 ms)
    DELETE /api/v1/reviews
      ΓêÜ should delete a review (436 ms)
      ΓêÜ should return 404 for non-existent product (356 ms)

PASS backend/tests/integration/admin.test.js (14.819 s)
  Admin Integration Tests
    Product Management
      GET /api/v1/admin/products
        ΓêÜ should get all products as admin (839 ms)
        ΓêÜ should fail for non-admin user (608 ms)
      POST /api/v1/admin/product/new
        ΓêÜ should create a new product as admin (599 ms)
        ΓêÜ should fail for non-admin user (582 ms)
        ΓêÜ should fail without authentication (469 ms)
      PUT /api/v1/admin/product/:id
        ΓêÜ should update a product as admin (444 ms)
        ΓêÜ should return 404 for non-existent product (368 ms)
      DELETE /api/v1/admin/product/:id
        ΓêÜ should delete a product as admin (359 ms)
        ΓêÜ should return 404 for non-existent product (377 ms)
    User Management
      GET /api/v1/admin/users
        ΓêÜ should get all users as admin (415 ms)
        ΓêÜ should fail for non-admin user (433 ms)
      GET /api/v1/admin/user/:id
        ΓêÜ should get single user as admin (415 ms)
        ΓêÜ should return 400 for non-existent user (339 ms)
      PUT /api/v1/admin/user/:id
        ΓêÜ should update user role as admin (359 ms)
      DELETE /api/v1/admin/user/:id
        ΓêÜ should delete user as admin (415 ms)
    Order Management
      GET /api/v1/admin/orders
        ΓêÜ should get all orders as admin (385 ms)
      PUT /api/v1/admin/order/:id
        ΓêÜ should update order status as admin (371 ms)
      DELETE /api/v1/admin/order/:id
        ΓêÜ should delete order as admin (335 ms)

Test Suites: 1 failed, 13 passed, 14 total
Tests:       1 failed, 72 passed, 73 total
Snapshots:   0 total
Time:        15.216 s, estimated 17 s
Ran all test suites.
Force exiting Jest: Have you considered using 
`--detectOpenHandles` to detect async operations that kept 
running after all tests finished?
